// Jest Snapshot v1, https://goo.gl/fbAQLP

exports[`renderFileInput test test by snapshots 1`] = `
<div>
  <h6
    className="text-danger"
  />
</div>
`;
