// Jest Snapshot v1, https://goo.gl/fbAQLP

exports[`<Footer /> should match the snapshot 1`] = `
.c0 {
  position: absolute;
  bottom: 0;
  width: 100%;
  height: 60px;
  background-color: #6c757d;
  color: rgba(255,255,255,0.6);
}

.c0 a {
  color: #fff !important;
}

<footer
  className="page-footer font-small blue c0"
>
  <div
    className="footer-copyright text-center py-3"
  >
    <a
      href="/"
      onClick={[Function]}
    >
      <span>
        Â© 
      </span>
      <span>
        2018 
      </span>
      <span>
        Copyright: Peerania
      </span>
    </a>
  </div>
</footer>
`;
